Archive member included to satisfy reference by file (symbol)

c:/st/stm32cubeide_1.11.0/stm32cubeide/plugins/com.st.stm32cube.ide.mcu.externaltools.gnu-tools-for-stm32.10.3-2021.10.win32_1.0.100.202210260954/tools/bin/../lib/gcc/arm-none-eabi/10.3.1/../../../../arm-none-eabi/lib/thumb/v7e-m+fp/hard\libc_nano.a(lib_a-errno.o)
                              ./Core/Src/syscalls.o (__errno)
c:/st/stm32cubeide_1.11.0/stm32cubeide/plugins/com.st.stm32cube.ide.mcu.externaltools.gnu-tools-for-stm32.10.3-2021.10.win32_1.0.100.202210260954/tools/bin/../lib/gcc/arm-none-eabi/10.3.1/../../../../arm-none-eabi/lib/thumb/v7e-m+fp/hard\libc_nano.a(lib_a-exit.o)
                              c:/st/stm32cubeide_1.11.0/stm32cubeide/plugins/com.st.stm32cube.ide.mcu.externaltools.gnu-tools-for-stm32.10.3-2021.10.win32_1.0.100.202210260954/tools/bin/../lib/gcc/arm-none-eabi/10.3.1/../../../../arm-none-eabi/lib/thumb/v7e-m+fp/hard/crt0.o (exit)
c:/st/stm32cubeide_1.11.0/stm32cubeide/plugins/com.st.stm32cube.ide.mcu.externaltools.gnu-tools-for-stm32.10.3-2021.10.win32_1.0.100.202210260954/tools/bin/../lib/gcc/arm-none-eabi/10.3.1/../../../../arm-none-eabi/lib/thumb/v7e-m+fp/hard\libc_nano.a(lib_a-impure.o)
                              c:/st/stm32cubeide_1.11.0/stm32cubeide/plugins/com.st.stm32cube.ide.mcu.externaltools.gnu-tools-for-stm32.10.3-2021.10.win32_1.0.100.202210260954/tools/bin/../lib/gcc/arm-none-eabi/10.3.1/../../../../arm-none-eabi/lib/thumb/v7e-m+fp/hard\libc_nano.a(lib_a-exit.o) (_global_impure_ptr)
c:/st/stm32cubeide_1.11.0/stm32cubeide/plugins/com.st.stm32cube.ide.mcu.externaltools.gnu-tools-for-stm32.10.3-2021.10.win32_1.0.100.202210260954/tools/bin/../lib/gcc/arm-none-eabi/10.3.1/../../../../arm-none-eabi/lib/thumb/v7e-m+fp/hard\libc_nano.a(lib_a-init.o)
                              c:/st/stm32cubeide_1.11.0/stm32cubeide/plugins/com.st.stm32cube.ide.mcu.externaltools.gnu-tools-for-stm32.10.3-2021.10.win32_1.0.100.202210260954/tools/bin/../lib/gcc/arm-none-eabi/10.3.1/../../../../arm-none-eabi/lib/thumb/v7e-m+fp/hard/crt0.o (__libc_init_array)
c:/st/stm32cubeide_1.11.0/stm32cubeide/plugins/com.st.stm32cube.ide.mcu.externaltools.gnu-tools-for-stm32.10.3-2021.10.win32_1.0.100.202210260954/tools/bin/../lib/gcc/arm-none-eabi/10.3.1/../../../../arm-none-eabi/lib/thumb/v7e-m+fp/hard\libc_nano.a(lib_a-memcpy-stub.o)
                              ./Core/Src/ssd1306.o (memcpy)
c:/st/stm32cubeide_1.11.0/stm32cubeide/plugins/com.st.stm32cube.ide.mcu.externaltools.gnu-tools-for-stm32.10.3-2021.10.win32_1.0.100.202210260954/tools/bin/../lib/gcc/arm-none-eabi/10.3.1/../../../../arm-none-eabi/lib/thumb/v7e-m+fp/hard\libc_nano.a(lib_a-memset.o)
                              c:/st/stm32cubeide_1.11.0/stm32cubeide/plugins/com.st.stm32cube.ide.mcu.externaltools.gnu-tools-for-stm32.10.3-2021.10.win32_1.0.100.202210260954/tools/bin/../lib/gcc/arm-none-eabi/10.3.1/../../../../arm-none-eabi/lib/thumb/v7e-m+fp/hard/crt0.o (memset)
c:/st/stm32cubeide_1.11.0/stm32cubeide/plugins/com.st.stm32cube.ide.mcu.externaltools.gnu-tools-for-stm32.10.3-2021.10.win32_1.0.100.202210260954/tools/bin/../lib/gcc/arm-none-eabi/10.3.1/../../../../arm-none-eabi/lib/thumb/v7e-m+fp/hard\libc_nano.a(lib_a-sprintf.o)
                              ./Core/Src/main.o (sprintf)
c:/st/stm32cubeide_1.11.0/stm32cubeide/plugins/com.st.stm32cube.ide.mcu.externaltools.gnu-tools-for-stm32.10.3-2021.10.win32_1.0.100.202210260954/tools/bin/../lib/gcc/arm-none-eabi/10.3.1/../../../../arm-none-eabi/lib/thumb/v7e-m+fp/hard\libc_nano.a(lib_a-nano-svfprintf.o)
                              c:/st/stm32cubeide_1.11.0/stm32cubeide/plugins/com.st.stm32cube.ide.mcu.externaltools.gnu-tools-for-stm32.10.3-2021.10.win32_1.0.100.202210260954/tools/bin/../lib/gcc/arm-none-eabi/10.3.1/../../../../arm-none-eabi/lib/thumb/v7e-m+fp/hard\libc_nano.a(lib_a-sprintf.o) (_svfprintf_r)
c:/st/stm32cubeide_1.11.0/stm32cubeide/plugins/com.st.stm32cube.ide.mcu.externaltools.gnu-tools-for-stm32.10.3-2021.10.win32_1.0.100.202210260954/tools/bin/../lib/gcc/arm-none-eabi/10.3.1/../../../../arm-none-eabi/lib/thumb/v7e-m+fp/hard\libc_nano.a(lib_a-nano-vfprintf_i.o)
                              c:/st/stm32cubeide_1.11.0/stm32cubeide/plugins/com.st.stm32cube.ide.mcu.externaltools.gnu-tools-for-stm32.10.3-2021.10.win32_1.0.100.202210260954/tools/bin/../lib/gcc/arm-none-eabi/10.3.1/../../../../arm-none-eabi/lib/thumb/v7e-m+fp/hard\libc_nano.a(lib_a-nano-svfprintf.o) (_printf_i)
c:/st/stm32cubeide_1.11.0/stm32cubeide/plugins/com.st.stm32cube.ide.mcu.externaltools.gnu-tools-for-stm32.10.3-2021.10.win32_1.0.100.202210260954/tools/bin/../lib/gcc/arm-none-eabi/10.3.1/../../../../arm-none-eabi/lib/thumb/v7e-m+fp/hard\libc_nano.a(lib_a-memchr.o)
[...]
Memory Configuration

Name             Origin             Length             Attributes
RAM              0x0000000020000000 0x0000000000020000 xrw
FLASH            0x0000000008000000 0x0000000000080000 xr
*default*        0x0000000000000000 0xffffffffffffffff

Linker script and memory map

LOAD c:/st/stm32cubeide_1.11.0/stm32cubeide/plugins/com.st.stm32cube.ide.mcu.externaltools.gnu-tools-for-stm32.10.3-2021.10.win32_1.0.100.202210260954/tools/bin/../lib/gcc/arm-none-eabi/10.3.1/thumb/v7e-m+fp/hard/crti.o
LOAD c:/st/stm32cubeide_1.11.0/stm32cubeide/plugins/com.st.stm32cube.ide.mcu.externaltools.gnu-tools-for-stm32.10.3-2021.10.win32_1.0.100.202210260954/tools/bin/../lib/gcc/arm-none-eabi/10.3.1/thumb/v7e-m+fp/hard/crtbegin.o
LOAD c:/st/stm32cubeide_1.11.0/stm32cubeide/plugins/com.st.stm32cube.ide.mcu.externaltools.gnu-tools-for-stm32.10.3-2021.10.win32_1.0.100.202210260954/tools/bin/../lib/gcc/arm-none-eabi/10.3.1/../../../../arm-none-eabi/lib/thumb/v7e-m+fp/hard/crt0.o
LOAD ./Core/Src/main.o
LOAD ./Core/Src/ssd1306.o
LOAD ./Core/Src/ssd1306_fonts.o
LOAD ./Core/Src/stm32f4xx_hal_msp.o
LOAD ./Core/Src/stm32f4xx_it.o
LOAD ./Core/Src/syscalls.o
LOAD ./Core/Src/sysmem.o
LOAD ./Core/Src/system_stm32f4xx.o
LOAD ./Core/Startup/startup_stm32f411retx.o
LOAD ./Drivers/STM32F4xx_HAL_Driver/Src/stm32f4xx_hal.o
LOAD ./Drivers/STM32F4xx_HAL_Driver/Src/stm32f4xx_hal_cortex.o
LOAD ./Drivers/STM32F4xx_HAL_Driver/Src/stm32f4xx_hal_dma.o
LOAD ./Drivers/STM32F4xx_HAL_Driver/Src/stm32f4xx_hal_dma_ex.o
LOAD ./Drivers/STM32F4xx_HAL_Driver/Src/stm32f4xx_hal_exti.o
LOAD ./Drivers/STM32F4xx_HAL_Driver/Src/stm32f4xx_hal_flash.o
LOAD ./Drivers/STM32F4xx_HAL_Driver/Src/stm32f4xx_hal_flash_ex.o
LOAD ./Drivers/STM32F4xx_HAL_Driver/Src/stm32f4xx_hal_flash_ramfunc.o
LOAD ./Drivers/STM32F4xx_HAL_Driver/Src/stm32f4xx_hal_gpio.o
LOAD ./Drivers/STM32F4xx_HAL_Driver/Src/stm32f4xx_hal_i2c.o
LOAD ./Drivers/STM32F4xx_HAL_Driver/Src/stm32f4xx_hal_i2c_ex.o
LOAD ./Drivers/STM32F4xx_HAL_Driver/Src/stm32f4xx_hal_pwr.o
LOAD ./Drivers/STM32F4xx_HAL_Driver/Src/stm32f4xx_hal_pwr_ex.o
LOAD ./Drivers/STM32F4xx_HAL_Driver/Src/stm32f4xx_hal_rcc.o
LOAD ./Drivers/STM32F4xx_HAL_Driver/Src/stm32f4xx_hal_rcc_ex.o
START GROUP
LOAD c:/st/stm32cubeide_1.11.0/stm32cubeide/plugins/com.st.stm32cube.ide.mcu.externaltools.gnu-tools-for-stm32.10.3-2021.10.win32_1.0.100.202210260954/tools/bin/../lib/gcc/arm-none-eabi/10.3.1/../../../../arm-none-eabi/lib/thumb/v7e-m+fp/hard\libc_nano.a
LOAD c:/st/stm32cubeide_1.11.0/stm32cubeide/plugins/com.st.stm32cube.ide.mcu.externaltools.gnu-tools-for-stm32.10.3-2021.10.win32_1.0.100.202210260954/tools/bin/../lib/gcc/arm-none-eabi/10.3.1/../../../../arm-none-eabi/lib/thumb/v7e-m+fp/hard\libm.a
END GROUP
START GROUP
LOAD c:/st/stm32cubeide_1.11.0/stm32cubeide/plugins/com.st.stm32cube.ide.mcu.externaltools.gnu-tools-for-stm32.10.3-2021.10.win32_1.0.100.202210260954/tools/bin/../lib/gcc/arm-none-eabi/10.3.1/thumb/v7e-m+fp/hard\libgcc.a
LOAD c:/st/stm32cubeide_1.11.0/stm32cubeide/plugins/com.st.stm32cube.ide.mcu.externaltools.gnu-tools-for-stm32.10.3-2021.10.win32_1.0.100.202210260954/tools/bin/../lib/gcc/arm-none-eabi/10.3.1/../../../../arm-none-eabi/lib/thumb/v7e-m+fp/hard\libc_nano.a
END GROUP
START GROUP
LOAD c:/st/stm32cubeide_1.11.0/stm32cubeide/plugins/com.st.stm32cube.ide.mcu.externaltools.gnu-tools-for-stm32.10.3-2021.10.win32_1.0.100.202210260954/tools/bin/../lib/gcc/arm-none-eabi/10.3.1/thumb/v7e-m+fp/hard\libgcc.a
LOAD c:/st/stm32cubeide_1.11.0/stm32cubeide/plugins/com.st.stm32cube.ide.mcu.externaltools.gnu-tools-for-stm32.10.3-2021.10.win32_1.0.100.202210260954/tools/bin/../lib/gcc/arm-none-eabi/10.3.1/../../../../arm-none-eabi/lib/thumb/v7e-m+fp/hard\libc_nano.a
LOAD c:/st/stm32cubeide_1.11.0/stm32cubeide/plugins/com.st.stm32cube.ide.mcu.externaltools.gnu-tools-for-stm32.10.3-2021.10.win32_1.0.100.202210260954/tools/bin/../lib/gcc/arm-none-eabi/10.3.1/../../../../arm-none-eabi/lib/thumb/v7e-m+fp/hard\libnosys.a
END GROUP
START GROUP
LOAD c:/st/stm32cubeide_1.11.0/stm32cubeide/plugins/com.st.stm32cube.ide.mcu.externaltools.gnu-tools-for-stm32.10.3-2021.10.win32_1.0.100.202210260954/tools/bin/../lib/gcc/arm-none-eabi/10.3.1/thumb/v7e-m+fp/hard\libgcc.a
LOAD c:/st/stm32cubeide_1.11.0/stm32cubeide/plugins/com.st.stm32cube.ide.mcu.externaltools.gnu-tools-for-stm32.10.3-2021.10.win32_1.0.100.202210260954/tools/bin/../lib/gcc/arm-none-eabi/10.3.1/../../../../arm-none-eabi/lib/thumb/v7e-m+fp/hard\libc_nano.a
LOAD c:/st/stm32cubeide_1.11.0/stm32cubeide/plugins/com.st.stm32cube.ide.mcu.externaltools.gnu-tools-for-stm32.10.3-2021.10.win32_1.0.100.202210260954/tools/bin/../lib/gcc/arm-none-eabi/10.3.1/../../../../arm-none-eabi/lib/thumb/v7e-m+fp/hard\libnosys.a
END GROUP
LOAD c:/st/stm32cubeide_1.11.0/stm32cubeide/plugins/com.st.stm32cube.ide.mcu.externaltools.gnu-tools-for-stm32.10.3-2021.10.win32_1.0.100.202210260954/tools/bin/../lib/gcc/arm-none-eabi/10.3.1/thumb/v7e-m+fp/hard/crtend.o
LOAD c:/st/stm32cubeide_1.11.0/stm32cubeide/plugins/com.st.stm32cube.ide.mcu.externaltools.gnu-tools-for-stm32.10.3-2021.10.win32_1.0.100.202210260954/tools/bin/../lib/gcc/arm-none-eabi/10.3.1/thumb/v7e-m+fp/hard/crtn.o
                0x0000000020020000                _estack = (ORIGIN (RAM) + LENGTH (RAM))
                0x0000000000000200                _Min_Heap_Size = 0x200
                0x0000000000000400                _Min_Stack_Size = 0x400

.isr_vector     0x0000000008000000      0x198
                0x0000000008000000                . = ALIGN (0x4)
 *(.isr_vector)
 .isr_vector    0x0000000008000000      0x198 ./Core/Startup/startup_stm32f411retx.o
                0x0000000008000000                g_pfnVectors
                0x0000000008000198                . = ALIGN (0x4)

.text           0x00000000080001a0     0x2f94
                0x00000000080001a0                . = ALIGN (0x4)
 *(.text)
 .text          0x00000000080001a0       0x40 c:/st/stm32cubeide_1.11.0/stm32cubeide/plugins/com.st.stm32cube.ide.mcu.externaltools.gnu-tools-for-stm32.10.3-2021.10.win32_1.0.100.202210260954/tools/bin/../lib/gcc/arm-none-eabi/10.3.1/thumb/v7e-m+fp/hard/crtbegin.o
 .text          0x00000000080001e0       0xa0 c:/st/stm32cubeide_1.11.0/stm32cubeide/plugins/com.st.stm32cube.ide.mcu.externaltools.gnu-tools-for-stm32.10.3-2021.10.win32_1.0.100.202210260954/tools/bin/../lib/gcc/arm-none-eabi/10.3.1/../../../../arm-none-eabi/lib/thumb/v7e-m+fp/hard\libc_nano.a(lib_a-memchr.o)
                0x00000000080001e0                memchr
 .text          0x0000000008000280       0x30 c:/st/stm32cubeide_1.11.0/stm32cubeide/plugins/com.st.stm32cube.ide.mcu.externaltools.gnu-tools-for-stm32.10.3-2021.10.win32_1.0.100.202210260954/tools/bin/../lib/gcc/arm-none-eabi/10.3.1/thumb/v7e-m+fp/hard\libgcc.a(_aeabi_uldivmod.o)
                0x0000000008000280                __aeabi_uldivmod
 .text          0x00000000080002b0      0x2d0 c:/st/stm32cubeide_1.11.0/stm32cubeide/plugins/com.st.stm32cube.ide.mcu.externaltools.gnu-tools-for-stm32.10.3-2021.10.win32_1.0.100.202210260954/tools/bin/../lib/gcc/arm-none-eabi/10.3.1/thumb/v7e-m+fp/hard\libgcc.a(_udivmoddi4.o)
                0x00000000080002b0                __udivmoddi4
 .text          0x0000000008000580        0x4 c:/st/stm32cubeide_1.11.0/stm32cubeide/plugins/com.st.stm32cube.ide.mcu.externaltools.gnu-tools-for-stm32.10.3-2021.10.win32_1.0.100.202210260954/tools/bin/../lib/gcc/arm-none-eabi/10.3.1/thumb/v7e-m+fp/hard\libgcc.a(_dvmd_tls.o)
                0x0000000008000580                __aeabi_idiv0
                0x0000000008000580                __aeabi_ldiv0
 *(.text*)
 .text.main     0x0000000008000584       0x88 ./Core/Src/main.o
                0x0000000008000584                main
 .text.SystemClock_Config
                0x000000000800060c       0xbc ./Core/Src/main.o
                0x000000000800060c                SystemClock_Config
 .text.MX_I2C1_Init
                0x00000000080006c8       0x5c ./Core/Src/main.o
 .text.MX_GPIO_Init
                0x0000000008000724       0x84 ./Core/Src/main.o
 .text.Error_Handler
                0x00000000080007a8        0xa ./Core/Src/main.o
                0x00000000080007a8                Error_Handler
 *fill*         0x00000000080007b2        0x2 
 .text.ssd1306_Reset
                0x00000000080007b4       0x28 ./Core/Src/ssd1306.o
                0x00000000080007b4                ssd1306_Reset
 .text.ssd1306_WriteCommand
                0x00000000080007dc       0x30 ./Core/Src/ssd1306.o
                0x00000000080007dc                ssd1306_WriteCommand
 .text.ssd1306_WriteData
                0x000000000800080c       0x34 ./Core/Src/ssd1306.o
                0x000000000800080c                ssd1306_WriteData
 .text.ssd1306_Init
                0x0000000008000840       0xd4 ./Core/Src/ssd1306.o
                0x0000000008000840                ssd1306_Init
 .text.ssd1306_Fill
                0x0000000008000914       0x48 ./Core/Src/ssd1306.o
                0x0000000008000914                ssd1306_Fill
 .text.ssd1306_UpdateScreen
                0x000000000800095c       0x50 ./Core/Src/ssd1306.o
                0x000000000800095c                ssd1306_UpdateScreen
 .text.ssd1306_DrawPixel
                0x00000000080009ac       0xa8 ./Core/Src/ssd1306.o
                0x00000000080009ac                ssd1306_DrawPixel
 .text.ssd1306_WriteChar
                0x0000000008000a54      0x110 ./Core/Src/ssd1306.o
                0x0000000008000a54                ssd1306_WriteChar
 .text.ssd1306_WriteString
                0x0000000008000b64       0x4c ./Core/Src/ssd1306.o
                0x0000000008000b64                ssd1306_WriteString
 .text.ssd1306_SetCursor
                0x0000000008000bb0       0x30 ./Core/Src/ssd1306.o
                0x0000000008000bb0                ssd1306_SetCursor
 .text.ssd1306_Line
                0x0000000008000be0       0xd8 ./Core/Src/ssd1306.o
                0x0000000008000be0                ssd1306_Line
 .text.ssd1306_DrawRectangle
                0x0000000008000cb8       0x6e ./Core/Src/ssd1306.o
                0x0000000008000cb8                ssd1306_DrawRectangle
 .text.ssd1306_SetContrast
                0x0000000008000d26       0x26 ./Core/Src/ssd1306.o
                0x0000000008000d26                ssd1306_SetContrast
 .text.ssd1306_SetDisplayOn
                0x0000000008000d4c       0x3c ./Core/Src/ssd1306.o
                0x0000000008000d4c                ssd1306_SetDisplayOn
 .text.softScrollLeft
                0x0000000008000d88       0x64 ./Core/Src/ssd1306.o
                0x0000000008000d88                softScrollLeft
 .text.softScrollRight
                0x0000000008000dec       0x64 ./Core/Src/ssd1306.o
                0x0000000008000dec                softScrollRight
 .text.HAL_MspInit
                0x0000000008000e50       0x50 ./Core/Src/stm32f4xx_hal_msp.o
                0x0000000008000e50                HAL_MspInit
 .text.HAL_I2C_MspInit
                0x0000000008000ea0       0x90 ./Core/Src/stm32f4xx_hal_msp.o
                0x0000000008000ea0                HAL_I2C_MspInit
 .text.NMI_Handler
                0x0000000008000f30        0x6 ./Core/Src/stm32f4xx_it.o
                0x0000000008000f30                NMI_Handler
 .text.HardFault_Handler
                0x0000000008000f36        0x6 ./Core/Src/stm32f4xx_it.o
                0x0000000008000f36                HardFault_Handler
 .text.MemManage_Handler
                0x0000000008000f3c        0x6 ./Core/Src/stm32f4xx_it.o
                0x0000000008000f3c                MemManage_Handler
 .text.BusFault_Handler
                0x0000000008000f42        0x6 ./Core/Src/stm32f4xx_it.o
                0x0000000008000f42                BusFault_Handler
 .text.UsageFault_Handler
                0x0000000008000f48        0x6 ./Core/Src/stm32f4xx_it.o
                0x0000000008000f48                UsageFault_Handler
 .text.SVC_Handler
                0x0000000008000f4e        0xe ./Core/Src/stm32f4xx_it.o
                0x0000000008000f4e                SVC_Handler
 .text.DebugMon_Handler
                0x0000000008000f5c        0xe ./Core/Src/stm32f4xx_it.o
                0x0000000008000f5c                DebugMon_Handler
 .text.PendSV_Handler
                0x0000000008000f6a        0xe ./Core/Src/stm32f4xx_it.o
                0x0000000008000f6a                PendSV_Handler
 .text.SysTick_Handler
                0x0000000008000f78        0xc ./Core/Src/stm32f4xx_it.o
                0x0000000008000f78                SysTick_Handler
 .text._sbrk    0x0000000008000f84       0x6c ./Core/Src/sysmem.o
                0x0000000008000f84                _sbrk
 .text.SystemInit
                0x0000000008000ff0       0x24 ./Core/Src/system_stm32f4xx.o
                0x0000000008000ff0                SystemInit
 .text.Reset_Handler
                0x0000000008001014       0x50 ./Core/Startup/startup_stm32f411retx.o
                0x0000000008001014                Reset_Handler
 .text.Default_Handler
                0x0000000008001064        0x2 ./Core/Startup/startup_stm32f411retx.o
                0x0000000008001064                RTC_Alarm_IRQHandler
                0x0000000008001064                EXTI2_IRQHandler
                0x0000000008001064                SPI4_IRQHandler
                0x0000000008001064                TIM1_CC_IRQHandler
                0x0000000008001064                DMA2_Stream5_IRQHandler
                0x0000000008001064                DMA1_Stream5_IRQHandler
                0x0000000008001064                PVD_IRQHandler
                0x0000000008001064                SDIO_IRQHandler
                0x0000000008001064                TAMP_STAMP_IRQHandler
                0x0000000008001064                EXTI3_IRQHandler
                0x0000000008001064                TIM1_UP_TIM10_IRQHandler
                0x0000000008001064                I2C3_ER_IRQHandler
                0x0000000008001064                EXTI0_IRQHandler
                0x0000000008001064                I2C2_EV_IRQHandler
                0x0000000008001064                DMA1_Stream2_IRQHandler
                0x0000000008001064                FPU_IRQHandler
                0x0000000008001064                DMA2_Stream2_IRQHandler
                0x0000000008001064                SPI1_IRQHandler
                0x0000000008001064                TIM1_BRK_TIM9_IRQHandler
                0x0000000008001064                DMA2_Stream3_IRQHandler
                0x0000000008001064                USART6_IRQHandler
                0x0000000008001064                DMA2_Stream0_IRQHandler
                0x0000000008001064                TIM4_IRQHandler
                0x0000000008001064                I2C1_EV_IRQHandler
                0x0000000008001064                DMA1_Stream6_IRQHandler
                0x0000000008001064                DMA1_Stream1_IRQHandler
                0x0000000008001064                TIM3_IRQHandler
                0x0000000008001064                RCC_IRQHandler
                0x0000000008001064                Default_Handler
                0x0000000008001064                EXTI15_10_IRQHandler
                0x0000000008001064                ADC_IRQHandler
                0x0000000008001064                DMA1_Stream7_IRQHandler
                0x0000000008001064                SPI5_IRQHandler
                0x0000000008001064                TIM5_IRQHandler
                0x0000000008001064                DMA2_Stream7_IRQHandler
                0x0000000008001064                I2C3_EV_IRQHandler
                0x0000000008001064                EXTI9_5_IRQHandler
                0x0000000008001064                RTC_WKUP_IRQHandler
                0x0000000008001064                SPI2_IRQHandler
                0x0000000008001064                DMA1_Stream0_IRQHandler
                0x0000000008001064                EXTI4_IRQHandler
                0x0000000008001064                WWDG_IRQHandler
                0x0000000008001064                TIM2_IRQHandler
                0x0000000008001064                OTG_FS_WKUP_IRQHandler
                0x0000000008001064                TIM1_TRG_COM_TIM11_IRQHandler
                0x0000000008001064                EXTI1_IRQHandler
                0x0000000008001064                USART2_IRQHandler
                0x0000000008001064                I2C2_ER_IRQHandler
                0x0000000008001064                DMA2_Stream1_IRQHandler
                0x0000000008001064                FLASH_IRQHandler
                0x0000000008001064                DMA2_Stream4_IRQHandler
                0x0000000008001064                USART1_IRQHandler
                0x0000000008001064                OTG_FS_IRQHandler
                0x0000000008001064                SPI3_IRQHandler
                0x0000000008001064                DMA1_Stream4_IRQHandler
                0x0000000008001064                I2C1_ER_IRQHandler
                0x0000000008001064                DMA2_Stream6_IRQHandler
                0x0000000008001064                DMA1_Stream3_IRQHandler
 *fill*         0x0000000008001066        0x2 
 .text.HAL_Init
                0x0000000008001068       0x44 ./Drivers/STM32F4xx_HAL_Driver/Src/stm32f4xx_hal.o
                0x0000000008001068                HAL_Init
 .text.HAL_InitTick
                0x00000000080010ac       0x60 ./Drivers/STM32F4xx_HAL_Driver/Src/stm32f4xx_hal.o
                0x00000000080010ac                HAL_InitTick
 .text.HAL_IncTick
                0x000000000800110c       0x28 ./Drivers/STM32F4xx_HAL_Driver/Src/stm32f4xx_hal.o
                0x000000000800110c                HAL_IncTick
 .text.HAL_GetTick
                0x0000000008001134       0x18 ./Drivers/STM32F4xx_HAL_Driver/Src/stm32f4xx_hal.o
                0x0000000008001134                HAL_GetTick
 .text.HAL_Delay
                0x000000000800114c       0x48 ./Drivers/STM32F4xx_HAL_Driver/Src/stm32f4xx_hal.o
                0x000000000800114c                HAL_Delay
 .text.__NVIC_SetPriorityGrouping
                0x0000000008001194       0x48 ./Drivers/STM32F4xx_HAL_Driver/Src/stm32f4xx_hal_cortex.o
 .text.__NVIC_GetPriorityGrouping
                0x00000000080011dc       0x1c ./Drivers/STM32F4xx_HAL_Driver/Src/stm32f4xx_hal_cortex.o
 .text.__NVIC_SetPriority
                0x00000000080011f8       0x54 ./Drivers/STM32F4xx_HAL_Driver/Src/stm32f4xx_hal_cortex.o
 .text.NVIC_EncodePriority
                0x000000000800124c       0x66 ./Drivers/STM32F4xx_HAL_Driver/Src/stm32f4xx_hal_cortex.o
 *fill*         0x00000000080012b2        0x2 
 .text.SysTick_Config
                0x00000000080012b4       0x44 ./Drivers/STM32F4xx_HAL_Driver/Src/stm32f4xx_hal_cortex.o
 .text.HAL_NVIC_SetPriorityGrouping
                0x00000000080012f8       0x16 ./Drivers/STM32F4xx_HAL_Driver/Src/stm32f4xx_hal_cortex.o
                0x00000000080012f8                HAL_NVIC_SetPriorityGrouping
 .text.HAL_NVIC_SetPriority
                0x000000000800130e       0x38 ./Drivers/STM32F4xx_HAL_Driver/Src/stm32f4xx_hal_cortex.o
                0x000000000800130e                HAL_NVIC_SetPriority
 .text.HAL_SYSTICK_Config
                0x0000000008001346       0x18 ./Drivers/STM32F4xx_HAL_Driver/Src/stm32f4xx_hal_cortex.o
                0x0000000008001346                HAL_SYSTICK_Config
 *fill*         0x000000000800135e        0x2 
 .text.HAL_GPIO_Init
                0x0000000008001360      0x308 ./Drivers/STM32F4xx_HAL_Driver/Src/stm32f4xx_hal_gpio.o
                0x0000000008001360                HAL_GPIO_Init
 .text.HAL_GPIO_WritePin
                0x0000000008001668       0x32 ./Drivers/STM32F4xx_HAL_Driver/Src/stm32f4xx_hal_gpio.o
                0x0000000008001668                HAL_GPIO_WritePin
 *fill*         0x000000000800169a        0x2 
 .text.HAL_I2C_Init
                0x000000000800169c      0x288 ./Drivers/STM32F4xx_HAL_Driver/Src/stm32f4xx_hal_i2c.o
                0x000000000800169c                HAL_I2C_Init
 .text.HAL_I2C_Mem_Write
                0x0000000008001924      0x1f4 ./Drivers/STM32F4xx_HAL_Driver/Src/stm32f4xx_hal_i2c.o
                0x0000000008001924                HAL_I2C_Mem_Write
 .text.I2C_RequestMemoryWrite
                0x0000000008001b18      0x12c ./Drivers/STM32F4xx_HAL_Driver/Src/stm32f4xx_hal_i2c.o
 .text.I2C_WaitOnFlagUntilTimeout
                0x0000000008001c44       0xae ./Drivers/STM32F4xx_HAL_Driver/Src/stm32f4xx_hal_i2c.o
 .text.I2C_WaitOnMasterAddressFlagUntilTimeout
                0x0000000008001cf2       0xfe ./Drivers/STM32F4xx_HAL_Driver/Src/stm32f4xx_hal_i2c.o
 .text.I2C_WaitOnTXEFlagUntilTimeout
                0x0000000008001df0       0x82 ./Drivers/STM32F4xx_HAL_Driver/Src/stm32f4xx_hal_i2c.o
 .text.I2C_WaitOnBTFFlagUntilTimeout
                0x0000000008001e72       0x82 ./Drivers/STM32F4xx_HAL_Driver/Src/stm32f4xx_hal_i2c.o
 .text.I2C_IsAcknowledgeFailed
                0x0000000008001ef4       0x5e ./Drivers/STM32F4xx_HAL_Driver/Src/stm32f4xx_hal_i2c.o
 *fill*         0x0000000008001f52        0x2 
 .text.HAL_RCC_OscConfig
                0x0000000008001f54      0x4f0 ./Drivers/STM32F4xx_HAL_Driver/Src/stm32f4xx_hal_rcc.o
                0x0000000008001f54                HAL_RCC_OscConfig
 .text.HAL_RCC_ClockConfig
                0x0000000008002444      0x1cc ./Drivers/STM32F4xx_HAL_Driver/Src/stm32f4xx_hal_rcc.o
                0x0000000008002444                HAL_RCC_ClockConfig
 .text.HAL_RCC_GetSysClockFreq
                0x0000000008002610      0x18c ./Drivers/STM32F4xx_HAL_Driver/Src/stm32f4xx_hal_rcc.o
                0x0000000008002610                HAL_RCC_GetSysClockFreq
 .text.HAL_RCC_GetHCLKFreq
                0x000000000800279c       0x18 ./Drivers/STM32F4xx_HAL_Driver/Src/stm32f4xx_hal_rcc.o
                0x000000000800279c                HAL_RCC_GetHCLKFreq
 .text.HAL_RCC_GetPCLK1Freq
                0x00000000080027b4       0x28 ./Drivers/STM32F4xx_HAL_Driver/Src/stm32f4xx_hal_rcc.o
                0x00000000080027b4                HAL_RCC_GetPCLK1Freq
 .text.__errno  0x00000000080027dc        0xc c:/st/stm32cubeide_1.11.0/stm32cubeide/plugins/com.st.stm32cube.ide.mcu.externaltools.gnu-tools-for-stm32.10.3-2021.10.win32_1.0.100.202210260954/tools/bin/../lib/gcc/arm-none-eabi/10.3.1/../../../../arm-none-eabi/lib/thumb/v7e-m+fp/hard\libc_nano.a(lib_a-errno.o)
                0x00000000080027dc                __errno
 .text.__libc_init_array
                0x00000000080027e8       0x48 c:/st/stm32cubeide_1.11.0/stm32cubeide/plugins/com.st.stm32cube.ide.mcu.externaltools.gnu-tools-for-stm32.10.3-2021.10.win32_1.0.100.202210260954/tools/bin/../lib/gcc/arm-none-eabi/10.3.1/../../../../arm-none-eabi/lib/thumb/v7e-m+fp/hard\libc_nano.a(lib_a-init.o)
                0x00000000080027e8                __libc_init_array
 .text.memcpy   0x0000000008002830       0x1c c:/st/stm32cubeide_1.11.0/stm32cubeide/plugins/com.st.stm32cube.ide.mcu.externaltools.gnu-tools-for-stm32.10.3-2021.10.win32_1.0.100.202210260954/tools/bin/../lib/gcc/arm-none-eabi/10.3.1/../../../../arm-none-eabi/lib/thumb/v7e-m+fp/hard\libc_nano.a(lib_a-memcpy-stub.o)
                0x0000000008002830                memcpy
 .text.memset   0x000000000800284c       0x10 c:/st/stm32cubeide_1.11.0/stm32cubeide/plugins/com.st.stm32cube.ide.mcu.externaltools.gnu-tools-for-stm32.10.3-2021.10.win32_1.0.100.202210260954/tools/bin/../lib/gcc/arm-none-eabi/10.3.1/../../../../arm-none-eabi/lib/thumb/v7e-m+fp/hard\libc_nano.a(lib_a-memset.o)
                0x000000000800284c                memset
 .text.sprintf  0x000000000800285c       0x40 c:/st/stm32cubeide_1.11.0/stm32cubeide/plugins/com.st.stm32cube.ide.mcu.externaltools.gnu-tools-for-stm32.10.3-2021.10.win32_1.0.100.202210260954/tools/bin/../lib/gcc/arm-none-eabi/10.3.1/../../../../arm-none-eabi/lib/thumb/v7e-m+fp/hard\libc_nano.a(lib_a-sprintf.o)
                0x000000000800285c                siprintf
                0x000000000800285c                sprintf
 .text.__ssputs_r
                0x000000000800289c       0xb6 c:/st/stm32cubeide_1.11.0/stm32cubeide/plugins/com.st.stm32cube.ide.mcu.externaltools.gnu-tools-for-stm32.10.3-2021.10.win32_1.0.100.202210260954/tools/bin/../lib/gcc/arm-none-eabi/10.3.1/../../../../arm-none-eabi/lib/thumb/v7e-m+fp/hard\libc_nano.a(lib_a-nano-svfprintf.o)
                0x000000000800289c                __ssputs_r
 *fill*         0x0000000008002952        0x2 
 .text._svfprintf_r
                0x0000000008002954      0x200 c:/st/stm32cubeide_1.11.0/stm32cubeide/plugins/com.st.stm32cube.ide.mcu.externaltools.gnu-tools-for-stm32.10.3-2021.10.win32_1.0.100.202210260954/tools/bin/../lib/gcc/arm-none-eabi/10.3.1/../../../../arm-none-eabi/lib/thumb/v7e-m+fp/hard\libc_nano.a(lib_a-nano-svfprintf.o)
                0x0000000008002954                _svfiprintf_r
                0x0000000008002954                _svfprintf_r
 .text._printf_common
                0x0000000008002b54       0xda c:/st/stm32cubeide_1.11.0/stm32cubeide/plugins/com.st.stm32cube.ide.mcu.externaltools.gnu-tools-for-stm32.10.3-2021.10.win32_1.0.100.202210260954/tools/bin/../lib/gcc/arm-none-eabi/10.3.1/../../../../arm-none-eabi/lib/thumb/v7e-m+fp/hard\libc_nano.a(lib_a-nano-vfprintf_i.o)
                0x0000000008002b54                _printf_common
 *fill*         0x0000000008002c2e        0x2 
 .text._printf_i
                0x0000000008002c30      0x24c c:/st/stm32cubeide_1.11.0/stm32cubeide/plugins/com.st.stm32cube.ide.mcu.externaltools.gnu-tools-for-stm32.10.3-2021.10.win32_1.0.100.202210260954/tools/bin/../lib/gcc/arm-none-eabi/10.3.1/../../../../arm-none-eabi/lib/thumb/v7e-m+fp/hard\libc_nano.a(lib_a-nano-vfprintf_i.o)
                0x0000000008002c30                _printf_i
 .text.memmove  0x0000000008002e7c       0x34 c:/st/stm32cubeide_1.11.0/stm32cubeide/plugins/com.st.stm32cube.ide.mcu.externaltools.gnu-tools-for-stm32.10.3-2021.10.win32_1.0.100.202210260954/tools/bin/../lib/gcc/arm-none-eabi/10.3.1/../../../../arm-none-eabi/lib/thumb/v7e-m+fp/hard\libc_nano.a(lib_a-memmove.o)
                0x0000000008002e7c                memmove
 .text._free_r  0x0000000008002eb0       0x98 c:/st/stm32cubeide_1.11.0/stm32cubeide/plugins/com.st.stm32cube.ide.mcu.externaltools.gnu-tools-for-stm32.10.3-2021.10.win32_1.0.100.202210260954/tools/bin/../lib/gcc/arm-none-eabi/10.3.1/../../../../arm-none-eabi/lib/thumb/v7e-m+fp/hard\libc_nano.a(lib_a-nano-freer.o)
                0x0000000008002eb0                _free_r
 .text.sbrk_aligned
                0x0000000008002f48       0x40 c:/st/stm32cubeide_1.11.0/stm32cubeide/plugins/com.st.stm32cube.ide.mcu.externaltools.gnu-tools-for-stm32.10.3-2021.10.win32_1.0.100.202210260954/tools/bin/../lib/gcc/arm-none-eabi/10.3.1/../../../../arm-none-eabi/lib/thumb/v7e-m+fp/hard\libc_nano.a(lib_a-nano-mallocr.o)
 .text._malloc_r
                0x0000000008002f88       0xe8 c:/st/stm32cubeide_1.11.0/stm32cubeide/plugins/com.st.stm32cube.ide.mcu.externaltools.gnu-tools-for-stm32.10.3-2021.10.win32_1.0.100.202210260954/tools/bin/../lib/gcc/arm-none-eabi/10.3.1/../../../../arm-none-eabi/lib/thumb/v7e-m+fp/hard\libc_nano.a(lib_a-nano-mallocr.o)
                0x0000000008002f88                _malloc_r
 .text._realloc_r
                0x0000000008003070       0x5e c:/st/stm32cubeide_1.11.0/stm32cubeide/plugins/com.st.stm32cube.ide.mcu.externaltools.gnu-tools-for-stm32.10.3-2021.10.win32_1.0.100.202210260954/tools/bin/../lib/gcc/arm-none-eabi/10.3.1/../../../../arm-none-eabi/lib/thumb/v7e-m+fp/hard\libc_nano.a(lib_a-nano-reallocr.o)
                0x0000000008003070                _realloc_r
 *fill*         0x00000000080030ce        0x2 
 .text._sbrk_r  0x00000000080030d0       0x20 c:/st/stm32cubeide_1.11.0/stm32cubeide/plugins/com.st.stm32cube.ide.mcu.externaltools.gnu-tools-for-stm32.10.3-2021.10.win32_1.0.100.202210260954/tools/bin/../lib/gcc/arm-none-eabi/10.3.1/../../../../arm-none-eabi/lib/thumb/v7e-m+fp/hard\libc_nano.a(lib_a-sbrkr.o)
                0x00000000080030d0                _sbrk_r
 .text.__malloc_lock
                0x00000000080030f0        0xc c:/st/stm32cubeide_1.11.0/stm32cubeide/plugins/com.st.stm32cube.ide.mcu.externaltools.gnu-tools-for-stm32.10.3-2021.10.win32_1.0.100.202210260954/tools/bin/../lib/gcc/arm-none-eabi/10.3.1/../../../../arm-none-eabi/lib/thumb/v7e-m+fp/hard\libc_nano.a(lib_a-mlock.o)
                0x00000000080030f0                __malloc_lock
 .text.__malloc_unlock
                0x00000000080030fc        0xc c:/st/stm32cubeide_1.11.0/stm32cubeide/plugins/com.st.stm32cube.ide.mcu.externaltools.gnu-tools-for-stm32.10.3-2021.10.win32_1.0.100.202210260954/tools/bin/../lib/gcc/arm-none-eabi/10.3.1/../../../../arm-none-eabi/lib/thumb/v7e-m+fp/hard\libc_nano.a(lib_a-mlock.o)
                0x00000000080030fc                __malloc_unlock
 .text._malloc_usable_size_r
                0x0000000008003108       0x10 c:/st/stm32cubeide_1.11.0/stm32cubeide/plugins/com.st.stm32cube.ide.mcu.externaltools.gnu-tools-for-stm32.10.3-2021.10.win32_1.0.100.202210260954/tools/bin/../lib/gcc/arm-none-eabi/10.3.1/../../../../arm-none-eabi/lib/thumb/v7e-m+fp/hard\libc_nano.a(lib_a-nano-msizer.o)
                0x0000000008003108                _malloc_usable_size_r
 .text.__retarget_lock_acquire_recursive
                0x0000000008003118        0x2 c:/st/stm32cubeide_1.11.0/stm32cubeide/plugins/com.st.stm32cube.ide.mcu.externaltools.gnu-tools-for-stm32.10.3-2021.10.win32_1.0.100.202210260954/tools/bin/../lib/gcc/arm-none-eabi/10.3.1/../../../../arm-none-eabi/lib/thumb/v7e-m+fp/hard\libc_nano.a(lib_a-lock.o)
                0x0000000008003118                __retarget_lock_acquire_recursive
 .text.__retarget_lock_release_recursive
                0x000000000800311a        0x2 c:/st/stm32cubeide_1.11.0/stm32cubeide/plugins/com.st.stm32cube.ide.mcu.externaltools.gnu-tools-for-stm32.10.3-2021.10.win32_1.0.100.202210260954/tools/bin/../lib/gcc/arm-none-eabi/10.3.1/../../../../arm-none-eabi/lib/thumb/v7e-m+fp/hard\libc_nano.a(lib_a-lock.o)
                0x000000000800311a                __retarget_lock_release_recursive
 *(.glue_7)
 .glue_7        0x000000000800311c        0x0 linker stubs
 *(.glue_7t)
 .glue_7t       0x000000000800311c        0x0 linker stubs
 *(.eh_frame)
 .eh_frame      0x000000000800311c        0x0 c:/st/stm32cubeide_1.11.0/stm32cubeide/plugins/com.st.stm32cube.ide.mcu.externaltools.gnu-tools-for-stm32.10.3-2021.10.win32_1.0.100.202210260954/tools/bin/../lib/gcc/arm-none-eabi/10.3.1/thumb/v7e-m+fp/hard/crtbegin.o
 *(.init)
 .init          0x000000000800311c        0x4 c:/st/stm32cubeide_1.11.0/stm32cubeide/plugins/com.st.stm32cube.ide.mcu.externaltools.gnu-tools-for-stm32.10.3-2021.10.win32_1.0.100.202210260954/tools/bin/../lib/gcc/arm-none-eabi/10.3.1/thumb/v7e-m+fp/hard/crti.o
                0x000000000800311c                _init
 .init          0x0000000008003120        0x8 c:/st/stm32cubeide_1.11.0/stm32cubeide/plugins/com.st.stm32cube.ide.mcu.externaltools.gnu-tools-for-stm32.10.3-2021.10.win32_1.0.100.202210260954/tools/bin/../lib/gcc/arm-none-eabi/10.3.1/thumb/v7e-m+fp/hard/crtn.o
 *(.fini)
 .fini          0x0000000008003128        0x4 c:/st/stm32cubeide_1.11.0/stm32cubeide/plugins/com.st.stm32cube.ide.mcu.externaltools.gnu-tools-for-stm32.10.3-2021.10.win32_1.0.100.202210260954/tools/bin/../lib/gcc/arm-none-eabi/10.3.1/thumb/v7e-m+fp/hard/crti.o
                0x0000000008003128                _fini
 .fini          0x000000000800312c        0x8 c:/st/stm32cubeide_1.11.0/stm32cubeide/plugins/com.st.stm32cube.ide.mcu.externaltools.gnu-tools-for-stm32.10.3-2021.10.win32_1.0.100.202210260954/tools/bin/../lib/gcc/arm-none-eabi/10.3.1/thumb/v7e-m+fp/hard/crtn.o
                0x0000000008003134                . = ALIGN (0x4)
                0x0000000008003134                _etext = .

.vfp11_veneer   0x0000000008003134        0x0
 .vfp11_veneer  0x0000000008003134        0x0 linker stubs

.v4_bx          0x0000000008003134        0x0
 .v4_bx         0x0000000008003134        0x0 linker stubs

.iplt           0x0000000008003134        0x0
 .iplt          0x0000000008003134        0x0 c:/st/stm32cubeide_1.11.0/stm32cubeide/plugins/com.st.stm32cube.ide.mcu.externaltools.gnu-tools-for-stm32.10.3-2021.10.win32_1.0.100.202210260954/tools/bin/../lib/gcc/arm-none-eabi/10.3.1/thumb/v7e-m+fp/hard/crtbegin.o

.rodata         0x0000000008003134      0xdac
                0x0000000008003134                . = ALIGN (0x4)
 *(.rodata)
 .rodata        0x0000000008003134        0x3 ./Core/Src/main.o
 *(.rodata*)
 *fill*         0x0000000008003137        0x1 
 .rodata.Font11x18
                0x0000000008003138      0xd5c ./Core/Src/ssd1306_fonts.o
 .rodata.AHBPrescTable
                0x0000000008003e94       0x10 ./Core/Src/system_stm32f4xx.o
                0x0000000008003e94                AHBPrescTable
 .rodata.APBPrescTable
                0x0000000008003ea4        0x8 ./Core/Src/system_stm32f4xx.o
                0x0000000008003ea4                APBPrescTable
 .rodata._svfprintf_r.str1.1
                0x0000000008003eac       0x11 c:/st/stm32cubeide_1.11.0/stm32cubeide/plugins/com.st.stm32cube.ide.mcu.externaltools.gnu-tools-for-stm32.10.3-2021.10.win32_1.0.100.202210260954/tools/bin/../lib/gcc/arm-none-eabi/10.3.1/../../../../arm-none-eabi/lib/thumb/v7e-m+fp/hard\libc_nano.a(lib_a-nano-svfprintf.o)
 .rodata._printf_i.str1.1
                0x0000000008003ebd       0x22 c:/st/stm32cubeide_1.11.0/stm32cubeide/plugins/com.st.stm32cube.ide.mcu.externaltools.gnu-tools-for-stm32.10.3-2021.10.win32_1.0.100.202210260954/tools/bin/../lib/gcc/arm-none-eabi/10.3.1/../../../../arm-none-eabi/lib/thumb/v7e-m+fp/hard\libc_nano.a(lib_a-nano-vfprintf_i.o)
                0x0000000008003ee0                . = ALIGN (0x4)
 *fill*         0x0000000008003edf        0x1 

.ARM.extab      0x0000000008003ee0        0x0
                0x0000000008003ee0                . = ALIGN (0x4)
 *(.ARM.extab* .gnu.linkonce.armextab.*)
                0x0000000008003ee0                . = ALIGN (0x4)

.ARM            0x0000000008003ee0        0x8
                0x0000000008003ee0                . = ALIGN (0x4)
                0x0000000008003ee0                __exidx_start = .
 *(.ARM.exidx*)
 .ARM.exidx     0x0000000008003ee0        0x8 c:/st/stm32cubeide_1.11.0/stm32cubeide/plugins/com.st.stm32cube.ide.mcu.externaltools.gnu-tools-for-stm32.10.3-2021.10.win32_1.0.100.202210260954/tools/bin/../lib/gcc/arm-none-eabi/10.3.1/thumb/v7e-m+fp/hard\libgcc.a(_udivmoddi4.o)
                0x0000000008003ee8                __exidx_end = .
                0x0000000008003ee8                . = ALIGN (0x4)

.rel.dyn        0x0000000008003ee8        0x0
 .rel.iplt      0x0000000008003ee8        0x0 c:/st/stm32cubeide_1.11.0/stm32cubeide/plugins/com.st.stm32cube.ide.mcu.externaltools.gnu-tools-for-stm32.10.3-2021.10.win32_1.0.100.202210260954/tools/bin/../lib/gcc/arm-none-eabi/10.3.1/thumb/v7e-m+fp/hard/crtbegin.o

.preinit_array  0x0000000008003ee8        0x0
                0x0000000008003ee8                . = ALIGN (0x4)
                0x0000000008003ee8                PROVIDE (__preinit_array_start = .)
 *(.preinit_array*)
                0x0000000008003ee8                PROVIDE (__preinit_array_end = .)
                0x0000000008003ee8                . = ALIGN (0x4)

.init_array     0x0000000008003ee8        0x4
                0x0000000008003ee8                . = ALIGN (0x4)
                0x0000000008003ee8                PROVIDE (__init_array_start = .)
 *(SORT_BY_NAME(.init_array.*))
 *(.init_array*)
 .init_array    0x0000000008003ee8        0x4 c:/st/stm32cubeide_1.11.0/stm32cubeide/plugins/com.st.stm32cube.ide.mcu.externaltools.gnu-tools-for-stm32.10.3-2021.10.win32_1.0.100.202210260954/tools/bin/../lib/gcc/arm-none-eabi/10.3.1/thumb/v7e-m+fp/hard/crtbegin.o
                0x0000000008003eec                PROVIDE (__init_array_end = .)
                0x0000000008003eec                . = ALIGN (0x4)

.fini_array     0x0000000008003eec        0x4
                0x0000000008003eec                . = ALIGN (0x4)
                [!provide]                        PROVIDE (__fini_array_start = .)
 *(SORT_BY_NAME(.fini_array.*))
 *(.fini_array*)
 .fini_array    0x0000000008003eec        0x4 c:/st/stm32cubeide_1.11.0/stm32cubeide/plugins/com.st.stm32cube.ide.mcu.externaltools.gnu-tools-for-stm32.10.3-2021.10.win32_1.0.100.202210260954/tools/bin/../lib/gcc/arm-none-eabi/10.3.1/thumb/v7e-m+fp/hard/crtbegin.o
                [!provide]                        PROVIDE (__fini_array_end = .)
                0x0000000008003ef0                . = ALIGN (0x4)
                0x0000000008003ef0                _sidata = LOADADDR (.data)

.data           0x0000000020000000       0x78 load address 0x0000000008003ef0
                0x0000000020000000                . = ALIGN (0x4)
                0x0000000020000000                _sdata = .
 *(.data)
 *(.data*)
 .data.Font_11x18
                0x0000000020000000        0x8 ./Core/Src/ssd1306_fonts.o
                0x0000000020000000                Font_11x18
 .data.SystemCoreClock
                0x0000000020000008        0x4 ./Core/Src/system_stm32f4xx.o
                0x0000000020000008                SystemCoreClock
 .data.uwTickPrio
                0x000000002000000c        0x4 ./Drivers/STM32F4xx_HAL_Driver/Src/stm32f4xx_hal.o
                0x000000002000000c                uwTickPrio
 .data.uwTickFreq
                0x0000000020000010        0x1 ./Drivers/STM32F4xx_HAL_Driver/Src/stm32f4xx_hal.o
                0x0000000020000010                uwTickFreq
 *fill*         0x0000000020000011        0x3 
 .data._impure_ptr
                0x0000000020000014        0x4 c:/st/stm32cubeide_1.11.0/stm32cubeide/plugins/com.st.stm32cube.ide.mcu.externaltools.gnu-tools-for-stm32.10.3-2021.10.win32_1.0.100.202210260954/tools/bin/../lib/gcc/arm-none-eabi/10.3.1/../../../../arm-none-eabi/lib/thumb/v7e-m+fp/hard\libc_nano.a(lib_a-impure.o)
                0x0000000020000014                _impure_ptr
 .data.impure_data
                0x0000000020000018       0x60 c:/st/stm32cubeide_1.11.0/stm32cubeide/plugins/com.st.stm32cube.ide.mcu.externaltools.gnu-tools-for-stm32.10.3-2021.10.win32_1.0.100.202210260954/tools/bin/../lib/gcc/arm-none-eabi/10.3.1/../../../../arm-none-eabi/lib/thumb/v7e-m+fp/hard\libc_nano.a(lib_a-impure.o)
 *(.RamFunc)
 *(.RamFunc*)
                0x0000000020000078                . = ALIGN (0x4)
                0x0000000020000078                _edata = .

.igot.plt       0x0000000020000078        0x0 load address 0x0000000008003f68
 .igot.plt      0x0000000020000078        0x0 c:/st/stm32cubeide_1.11.0/stm32cubeide/plugins/com.st.stm32cube.ide.mcu.externaltools.gnu-tools-for-stm32.10.3-2021.10.win32_1.0.100.202210260954/tools/bin/../lib/gcc/arm-none-eabi/10.3.1/thumb/v7e-m+fp/hard/crtbegin.o
                0x0000000020000078                . = ALIGN (0x4)

.bss            0x0000000020000078      0x490 load address 0x0000000008003f68
                0x0000000020000078                _sbss = .
                0x0000000020000078                __bss_start__ = _sbss
 *(.bss)
 .bss           0x0000000020000078       0x1c c:/st/stm32cubeide_1.11.0/stm32cubeide/plugins/com.st.stm32cube.ide.mcu.externaltools.gnu-tools-for-stm32.10.3-2021.10.win32_1.0.100.202210260954/tools/bin/../lib/gcc/arm-none-eabi/10.3.1/thumb/v7e-m+fp/hard/crtbegin.o
 *(.bss*)
 .bss.hi2c1     0x0000000020000094       0x54 ./Core/Src/main.o
                0x0000000020000094                hi2c1
 .bss.SSD1306_Buffer
                0x00000000200000e8      0x400 ./Core/Src/ssd1306.o
 .bss.SSD1306   0x00000000200004e8        0x6 ./Core/Src/ssd1306.o
 *fill*         0x00000000200004ee        0x2 
 .bss.__sbrk_heap_end
                0x00000000200004f0        0x4 ./Core/Src/sysmem.o
 .bss.uwTick    0x00000000200004f4        0x4 ./Drivers/STM32F4xx_HAL_Driver/Src/stm32f4xx_hal.o
                0x00000000200004f4                uwTick
 .bss.__malloc_free_list
                0x00000000200004f8        0x4 c:/st/stm32cubeide_1.11.0/stm32cubeide/plugins/com.st.stm32cube.ide.mcu.externaltools.gnu-tools-for-stm32.10.3-2021.10.win32_1.0.100.202210260954/tools/bin/../lib/gcc/arm-none-eabi/10.3.1/../../../../arm-none-eabi/lib/thumb/v7e-m+fp/hard\libc_nano.a(lib_a-nano-mallocr.o)
                0x00000000200004f8                __malloc_free_list
 .bss.__malloc_sbrk_start
                0x00000000200004fc        0x4 c:/st/stm32cubeide_1.11.0/stm32cubeide/plugins/com.st.stm32cube.ide.mcu.externaltools.gnu-tools-for-stm32.10.3-2021.10.win32_1.0.100.202210260954/tools/bin/../lib/gcc/arm-none-eabi/10.3.1/../../../../arm-none-eabi/lib/thumb/v7e-m+fp/hard\libc_nano.a(lib_a-nano-mallocr.o)
                0x00000000200004fc                __malloc_sbrk_start
 .bss.errno     0x0000000020000500        0x4 c:/st/stm32cubeide_1.11.0/stm32cubeide/plugins/com.st.stm32cube.ide.mcu.externaltools.gnu-tools-for-stm32.10.3-2021.10.win32_1.0.100.202210260954/tools/bin/../lib/gcc/arm-none-eabi/10.3.1/../../../../arm-none-eabi/lib/thumb/v7e-m+fp/hard\libc_nano.a(lib_a-reent.o)
                0x0000000020000500                errno
 .bss.__lock___malloc_recursive_mutex
                0x0000000020000504        0x1 c:/st/stm32cubeide_1.11.0/stm32cubeide/plugins/com.st.stm32cube.ide.mcu.externaltools.gnu-tools-for-stm32.10.3-2021.10.win32_1.0.100.202210260954/tools/bin/../lib/gcc/arm-none-eabi/10.3.1/../../../../arm-none-eabi/lib/thumb/v7e-m+fp/hard\libc_nano.a(lib_a-lock.o)
                0x0000000020000504                __lock___malloc_recursive_mutex
 *(COMMON)
                0x0000000020000508                . = ALIGN (0x4)
 *fill*         0x0000000020000505        0x3 
                0x0000000020000508                _ebss = .
                0x0000000020000508                __bss_end__ = _ebss

._user_heap_stack
                0x0000000020000508      0x600 load address 0x0000000008003f68
                0x0000000020000508                . = ALIGN (0x8)
                [!provide]                        PROVIDE (end = .)
                0x0000000020000508                PROVIDE (_end = .)
                0x0000000020000708                . = (. + _Min_Heap_Size)
 *fill*         0x0000000020000508      0x200 
                0x0000000020000b08                . = (. + _Min_Stack_Size)
 *fill*         0x0000000020000708      0x400 
                0x0000000020000b08                . = ALIGN (0x8)

/DISCARD/
 libc.a(*)
 libm.a(*)
 libgcc.a(*)

.ARM.attributes
                0x0000000000000000       0x30
 *(.ARM.attributes)
 .ARM.attributes
                0x0000000000000000       0x1e c:/st/stm32cubeide_1.11.0/stm32cubeide/plugins/com.st.stm32cube.ide.mcu.externaltools.gnu-tools-for-stm32.10.3-2021.10.win32_1.0.100.202210260954/tools/bin/../lib/gcc/arm-none-eabi/10.3.1/thumb/v7e-m+fp/hard/crti.o
 .ARM.attributes
                0x000000000000001e       0x34 c:/st/stm32cubeide_1.11.0/stm32cubeide/plugins/com.st.stm32cube.ide.mcu.externaltools.gnu-tools-for-stm32.10.3-2021.10.win32_1.0.100.202210260954/tools/bin/../lib/gcc/arm-none-eabi/10.3.1/thumb/v7e-m+fp/hard/crtbegin.o
 .ARM.attributes
                0x0000000000000052       0x34 ./Core/Src/main.o
 .ARM.attributes
                0x0000000000000086       0x34 ./Core/Src/ssd1306.o
 .ARM.attributes
                0x00000000000000ba       0x34 ./Core/Src/ssd1306_fonts.o
 .ARM.attributes
                0x00000000000000ee       0x34 ./Core/Src/stm32f4xx_hal_msp.o
 .ARM.attributes
                0x0000000000000122       0x34 ./Core/Src/stm32f4xx_it.o
 .ARM.attributes
                0x0000000000000156       0x34 ./Core/Src/sysmem.o
 .ARM.attributes
                0x000000000000018a       0x34 ./Core/Src/system_stm32f4xx.o
 .ARM.attributes
                0x00000000000001be       0x21 ./Core/Startup/startup_stm32f411retx.o
 .ARM.attributes
                0x00000000000001df       0x34 ./Drivers/STM32F4xx_HAL_Driver/Src/stm32f4xx_hal.o
 .ARM.attributes
                0x0000000000000213       0x34 ./Drivers/STM32F4xx_HAL_Driver/Src/stm32f4xx_hal_cortex.o
 .ARM.attributes
                0x0000000000000247       0x34 ./Drivers/STM32F4xx_HAL_Driver/Src/stm32f4xx_hal_gpio.o
 .ARM.attributes
                0x000000000000027b       0x34 ./Drivers/STM32F4xx_HAL_Driver/Src/stm32f4xx_hal_i2c.o
 .ARM.attributes
                0x00000000000002af       0x34 ./Drivers/STM32F4xx_HAL_Driver/Src/stm32f4xx_hal_rcc.o
 .ARM.attributes
                0x00000000000002e3       0x34 c:/st/stm32cubeide_1.11.0/stm32cubeide/plugins/com.st.stm32cube.ide.mcu.externaltools.gnu-tools-for-stm32.10.3-2021.10.win32_1.0.100.202210260954/tools/bin/../lib/gcc/arm-none-eabi/10.3.1/../../../../arm-none-eabi/lib/thumb/v7e-m+fp/hard\libc_nano.a(lib_a-errno.o)
 .ARM.attributes
                0x0000000000000317       0x34 c:/st/stm32cubeide_1.11.0/stm32cubeide/plugins/com.st.stm32cube.ide.mcu.externaltools.gnu-tools-for-stm32.10.3-2021.10.win32_1.0.100.202210260954/tools/bin/../lib/gcc/arm-none-eabi/10.3.1/../../../../arm-none-eabi/lib/thumb/v7e-m+fp/hard\libc_nano.a(lib_a-impure.o)
 .ARM.attributes
                0x000000000000034b       0x34 c:/st/stm32cubeide_1.11.0/stm32cubeide/plugins/com.st.stm32cube.ide.mcu.externaltools.gnu-tools-for-stm32.10.3-2021.10.win32_1.0.100.202210260954/tools/bin/../lib/gcc/arm-none-eabi/10.3.1/../../../../arm-none-eabi/lib/thumb/v7e-m+fp/hard\libc_nano.a(lib_a-init.o)
 .ARM.attributes
                0x000000000000037f       0x34 c:/st/stm32cubeide_1.11.0/stm32cubeide/plugins/com.st.stm32cube.ide.mcu.externaltools.gnu-tools-for-stm32.10.3-2021.10.win32_1.0.100.202210260954/tools/bin/../lib/gcc/arm-none-eabi/10.3.1/../../../../arm-none-eabi/lib/thumb/v7e-m+fp/hard\libc_nano.a(lib_a-memcpy-stub.o)
 .ARM.attributes
                0x00000000000003b3       0x34 c:/st/stm32cubeide_1.11.0/stm32cubeide/plugins/com.st.stm32cube.ide.mcu.externaltools.gnu-tools-for-stm32.10.3-2021.10.win32_1.0.100.202210260954/tools/bin/../lib/gcc/arm-none-eabi/10.3.1/../../../../arm-none-eabi/lib/thumb/v7e-m+fp/hard\libc_nano.a(lib_a-memset.o)
 .ARM.attributes
                0x00000000000003e7       0x34 c:/st/stm32cubeide_1.11.0/stm32cubeide/plugins/com.st.stm32cube.ide.mcu.externaltools.gnu-tools-for-stm32.10.3-2021.10.win32_1.0.100.202210260954/tools/bin/../lib/gcc/arm-none-eabi/10.3.1/../../../../arm-none-eabi/lib/thumb/v7e-m+fp/hard\libc_nano.a(lib_a-sprintf.o)
 .ARM.attributes
                0x000000000000041b       0x34 c:/st/stm32cubeide_1.11.0/stm32cubeide/plugins/com.st.stm32cube.ide.mcu.externaltools.gnu-tools-for-stm32.10.3-2021.10.win32_1.0.100.202210260954/tools/bin/../lib/gcc/arm-none-eabi/10.3.1/../../../../arm-none-eabi/lib/thumb/v7e-m+fp/hard\libc_nano.a(lib_a-nano-svfprintf.o)
 .ARM.attributes
                0x000000000000044f       0x34 c:/st/stm32cubeide_1.11.0/stm32cubeide/plugins/com.st.stm32cube.ide.mcu.externaltools.gnu-tools-for-stm32.10.3-2021.10.win32_1.0.100.202210260954/tools/bin/../lib/gcc/arm-none-eabi/10.3.1/../../../../arm-none-eabi/lib/thumb/v7e-m+fp/hard\libc_nano.a(lib_a-nano-vfprintf_i.o)
 .ARM.attributes
                0x0000000000000483       0x1c c:/st/stm32cubeide_1.11.0/stm32cubeide/plugins/com.st.stm32cube.ide.mcu.externaltools.gnu-tools-for-stm32.10.3-2021.10.win32_1.0.100.202210260954/tools/bin/../lib/gcc/arm-none-eabi/10.3.1/../../../../arm-none-eabi/lib/thumb/v7e-m+fp/hard\libc_nano.a(lib_a-memchr.o)
 .ARM.attributes
                0x000000000000049f       0x34 c:/st/stm32cubeide_1.11.0/stm32cubeide/plugins/com.st.stm32cube.ide.mcu.externaltools.gnu-tools-for-stm32.10.3-2021.10.win32_1.0.100.202210260954/tools/bin/../lib/gcc/arm-none-eabi/10.3.1/../../../../arm-none-eabi/lib/thumb/v7e-m+fp/hard\libc_nano.a(lib_a-memmove.o)
 .ARM.attributes
                0x00000000000004d3       0x34 c:/st/stm32cubeide_1.11.0/stm32cubeide/plugins/com.st.stm32cube.ide.mcu.externaltools.gnu-tools-for-stm32.10.3-2021.10.win32_1.0.100.202210260954/tools/bin/../lib/gcc/arm-none-eabi/10.3.1/../../../../arm-none-eabi/lib/thumb/v7e-m+fp/hard\libc_nano.a(lib_a-nano-freer.o)
 .ARM.attributes
                0x0000000000000507       0x34 c:/st/stm32cubeide_1.11.0/stm32cubeide/plugins/com.st.stm32cube.ide.mcu.externaltools.gnu-tools-for-stm32.10.3-2021.10.win32_1.0.100.202210260954/tools/bin/../lib/gcc/arm-none-eabi/10.3.1/../../../../arm-none-eabi/lib/thumb/v7e-m+fp/hard\libc_nano.a(lib_a-nano-mallocr.o)
 .ARM.attributes
                0x000000000000053b       0x34 c:/st/stm32cubeide_1.11.0/stm32cubeide/plugins/com.st.stm32cube.ide.mcu.externaltools.gnu-tools-for-stm32.10.3-2021.10.win32_1.0.100.202210260954/tools/bin/../lib/gcc/arm-none-eabi/10.3.1/../../../../arm-none-eabi/lib/thumb/v7e-m+fp/hard\libc_nano.a(lib_a-nano-reallocr.o)
 .ARM.attributes
                0x000000000000056f       0x34 c:/st/stm32cubeide_1.11.0/stm32cubeide/plugins/com.st.stm32cube.ide.mcu.externaltools.gnu-tools-for-stm32.10.3-2021.10.win32_1.0.100.202210260954/tools/bin/../lib/gcc/arm-none-eabi/10.3.1/../../../../arm-none-eabi/lib/thumb/v7e-m+fp/hard\libc_nano.a(lib_a-sbrkr.o)
 .ARM.attributes
                0x00000000000005a3       0x34 c:/st/stm32cubeide_1.11.0/stm32cubeide/plugins/com.st.stm32cube.ide.mcu.externaltools.gnu-tools-for-stm32.10.3-2021.10.win32_1.0.100.202210260954/tools/bin/../lib/gcc/arm-none-eabi/10.3.1/../../../../arm-none-eabi/lib/thumb/v7e-m+fp/hard\libc_nano.a(lib_a-mlock.o)
 .ARM.attributes
                0x00000000000005d7       0x34 c:/st/stm32cubeide_1.11.0/stm32cubeide/plugins/com.st.stm32cube.ide.mcu.externaltools.gnu-tools-for-stm32.10.3-2021.10.win32_1.0.100.202210260954/tools/bin/../lib/gcc/arm-none-eabi/10.3.1/../../../../arm-none-eabi/lib/thumb/v7e-m+fp/hard\libc_nano.a(lib_a-nano-msizer.o)
 .ARM.attributes
                0x000000000000060b       0x34 c:/st/stm32cubeide_1.11.0/stm32cubeide/plugins/com.st.stm32cube.ide.mcu.externaltools.gnu-tools-for-stm32.10.3-2021.10.win32_1.0.100.202210260954/tools/bin/../lib/gcc/arm-none-eabi/10.3.1/../../../../arm-none-eabi/lib/thumb/v7e-m+fp/hard\libc_nano.a(lib_a-reent.o)
 .ARM.attributes
                0x000000000000063f       0x34 c:/st/stm32cubeide_1.11.0/stm32cubeide/plugins/com.st.stm32cube.ide.mcu.externaltools.gnu-tools-for-stm32.10.3-2021.10.win32_1.0.100.202210260954/tools/bin/../lib/gcc/arm-none-eabi/10.3.1/../../../../arm-none-eabi/lib/thumb/v7e-m+fp/hard\libc_nano.a(lib_a-lock.o)
 .ARM.attributes
                0x0000000000000673       0x1e c:/st/stm32cubeide_1.11.0/stm32cubeide/plugins/com.st.stm32cube.ide.mcu.externaltools.gnu-tools-for-stm32.10.3-2021.10.win32_1.0.100.202210260954/tools/bin/../lib/gcc/arm-none-eabi/10.3.1/thumb/v7e-m+fp/hard\libgcc.a(_aeabi_uldivmod.o)
 .ARM.attributes
                0x0000000000000691       0x34 c:/st/stm32cubeide_1.11.0/stm32cubeide/plugins/com.st.stm32cube.ide.mcu.externaltools.gnu-tools-for-stm32.10.3-2021.10.win32_1.0.100.202210260954/tools/bin/../lib/gcc/arm-none-eabi/10.3.1/thumb/v7e-m+fp/hard\libgcc.a(_udivmoddi4.o)
 .ARM.attributes
                0x00000000000006c5       0x1e c:/st/stm32cubeide_1.11.0/stm32cubeide/plugins/com.st.stm32cube.ide.mcu.externaltools.gnu-tools-for-stm32.10.3-2021.10.win32_1.0.100.202210260954/tools/bin/../lib/gcc/arm-none-eabi/10.3.1/thumb/v7e-m+fp/hard\libgcc.a(_dvmd_tls.o)
 .ARM.attributes
                0x00000000000006e3       0x1e c:/st/stm32cubeide_1.11.0/stm32cubeide/plugins/com.st.stm32cube.ide.mcu.externaltools.gnu-tools-for-stm32.10.3-2021.10.win32_1.0.100.202210260954/tools/bin/../lib/gcc/arm-none-eabi/10.3.1/thumb/v7e-m+fp/hard/crtn.o
OUTPUT(ssd1306.elf elf32-littlearm)
LOAD linker stubs
LOAD c:/st/stm32cubeide_1.11.0/stm32cubeide/plugins/com.st.stm32cube.ide.mcu.externaltools.gnu-tools-for-stm32.10.3-2021.10.win32_1.0.100.202210260954/tools/bin/../lib/gcc/arm-none-eabi/10.3.1/../../../../arm-none-eabi/lib/thumb/v7e-m+fp/hard\libc.a
LOAD c:/st/stm32cubeide_1.11.0/stm32cubeide/plugins/com.st.stm32cube.ide.mcu.externaltools.gnu-tools-for-stm32.10.3-2021.10.win32_1.0.100.202210260954/tools/bin/../lib/gcc/arm-none-eabi/10.3.1/../../../../arm-none-eabi/lib/thumb/v7e-m+fp/hard\libm.a
LOAD c:/st/stm32cubeide_1.11.0/stm32cubeide/plugins/com.st.stm32cube.ide.mcu.externaltools.gnu-tools-for-stm32.10.3-2021.10.win32_1.0.100.202210260954/tools/bin/../lib/gcc/arm-none-eabi/10.3.1/thumb/v7e-m+fp/hard\libgcc.a

.debug_info     0x0000000000000000     0x81db
 .debug_info    0x0000000000000000      0xe14 ./Core/Src/main.o
 .debug_info    0x0000000000000e14     0x1205 ./Core/Src/ssd1306.o
 .debug_info    0x0000000000002019      0x1f2 ./Core/Src/ssd1306_fonts.o
 .debug_info    0x000000000000220b      0xa0b ./Core/Src/stm32f4xx_hal_msp.o
 .debug_info    0x0000000000002c16      0x121 ./Core/Src/stm32f4xx_it.o
 .debug_info    0x0000000000002d37      0x171 ./Core/Src/sysmem.o
 .debug_info    0x0000000000002ea8      0x54f ./Core/Src/system_stm32f4xx.o
 .debug_info    0x00000000000033f7       0x22 ./Core/Startup/startup_stm32f411retx.o
 .debug_info    0x0000000000003419      0x90d ./Drivers/STM32F4xx_HAL_Driver/Src/stm32f4xx_hal.o
 .debug_info    0x0000000000003d26      0xd8b ./Drivers/STM32F4xx_HAL_Driver/Src/stm32f4xx_hal_cortex.o
 .debug_info    0x0000000000004ab1      0x78e ./Drivers/STM32F4xx_HAL_Driver/Src/stm32f4xx_hal_gpio.o
 .debug_info    0x000000000000523f     0x260f ./Drivers/STM32F4xx_HAL_Driver/Src/stm32f4xx_hal_i2c.o
 .debug_info    0x000000000000784e      0x98d ./Drivers/STM32F4xx_HAL_Driver/Src/stm32f4xx_hal_rcc.o

.debug_abbrev   0x0000000000000000     0x171d
 .debug_abbrev  0x0000000000000000      0x2b2 ./Core/Src/main.o
 .debug_abbrev  0x00000000000002b2      0x358 ./Core/Src/ssd1306.o
 .debug_abbrev  0x000000000000060a       0xbe ./Core/Src/ssd1306_fonts.o
 .debug_abbrev  0x00000000000006c8      0x194 ./Core/Src/stm32f4xx_hal_msp.o
 .debug_abbrev  0x000000000000085c       0x74 ./Core/Src/stm32f4xx_it.o
 .debug_abbrev  0x00000000000008d0       0xbb ./Core/Src/sysmem.o
 .debug_abbrev  0x000000000000098b      0x116 ./Core/Src/system_stm32f4xx.o
 .debug_abbrev  0x0000000000000aa1       0x12 ./Core/Startup/startup_stm32f411retx.o
 .debug_abbrev  0x0000000000000ab3      0x23e ./Drivers/STM32F4xx_HAL_Driver/Src/stm32f4xx_hal.o
 .debug_abbrev  0x0000000000000cf1      0x316 ./Drivers/STM32F4xx_HAL_Driver/Src/stm32f4xx_hal_cortex.o
 .debug_abbrev  0x0000000000001007      0x1c4 ./Drivers/STM32F4xx_HAL_Driver/Src/stm32f4xx_hal_gpio.o
 .debug_abbrev  0x00000000000011cb      0x2a8 ./Drivers/STM32F4xx_HAL_Driver/Src/stm32f4xx_hal_i2c.o
 .debug_abbrev  0x0000000000001473      0x2aa ./Drivers/STM32F4xx_HAL_Driver/Src/stm32f4xx_hal_rcc.o

.debug_aranges  0x0000000000000000      0x7d8
 .debug_aranges
                0x0000000000000000       0x40 ./Core/Src/main.o
 .debug_aranges
                0x0000000000000040       0xf8 ./Core/Src/ssd1306.o
 .debug_aranges
                0x0000000000000138       0x18 ./Core/Src/ssd1306_fonts.o
 .debug_aranges
                0x0000000000000150       0x30 ./Core/Src/stm32f4xx_hal_msp.o
 .debug_aranges
                0x0000000000000180       0x60 ./Core/Src/stm32f4xx_it.o
 .debug_aranges
                0x00000000000001e0       0x20 ./Core/Src/sysmem.o
 .debug_aranges
                0x0000000000000200       0x28 ./Core/Src/system_stm32f4xx.o
 .debug_aranges
                0x0000000000000228       0x28 ./Core/Startup/startup_stm32f411retx.o
 .debug_aranges
                0x0000000000000250       0xf0 ./Drivers/STM32F4xx_HAL_Driver/Src/stm32f4xx_hal.o
 .debug_aranges
                0x0000000000000340      0x118 ./Drivers/STM32F4xx_HAL_Driver/Src/stm32f4xx_hal_cortex.o
 .debug_aranges
                0x0000000000000458       0x58 ./Drivers/STM32F4xx_HAL_Driver/Src/stm32f4xx_hal_gpio.o
 .debug_aranges
                0x00000000000004b0      0x2a0 ./Drivers/STM32F4xx_HAL_Driver/Src/stm32f4xx_hal_i2c.o
 .debug_aranges
                0x0000000000000750       0x88 ./Drivers/STM32F4xx_HAL_Driver/Src/stm32f4xx_hal_rcc.o

.debug_ranges   0x0000000000000000      0x720
 .debug_ranges  0x0000000000000000       0x30 ./Core/Src/main.o
 .debug_ranges  0x0000000000000030       0xe8 ./Core/Src/ssd1306.o
 .debug_ranges  0x0000000000000118       0x20 ./Core/Src/stm32f4xx_hal_msp.o
 .debug_ranges  0x0000000000000138       0x50 ./Core/Src/stm32f4xx_it.o
 .debug_ranges  0x0000000000000188       0x10 ./Core/Src/sysmem.o
 .debug_ranges  0x0000000000000198       0x18 ./Core/Src/system_stm32f4xx.o
 .debug_ranges  0x00000000000001b0       0x20 ./Core/Startup/startup_stm32f411retx.o
 .debug_ranges  0x00000000000001d0       0xe0 ./Drivers/STM32F4xx_HAL_Driver/Src/stm32f4xx_hal.o
 .debug_ranges  0x00000000000002b0      0x108 ./Drivers/STM32F4xx_HAL_Driver/Src/stm32f4xx_hal_cortex.o
 .debug_ranges  0x00000000000003b8       0x48 ./Drivers/STM32F4xx_HAL_Driver/Src/stm32f4xx_hal_gpio.o
 .debug_ranges  0x0000000000000400      0x2a8 ./Drivers/STM32F4xx_HAL_Driver/Src/stm32f4xx_hal_i2c.o
 .debug_ranges  0x00000000000006a8       0x78 ./Drivers/STM32F4xx_HAL_Driver/Src/stm32f4xx_hal_rcc.o

.debug_macro    0x0000000000000000    0x19215
 .debug_macro   0x0000000000000000      0x22e ./Core/Src/main.o
 .debug_macro   0x000000000000022e      0xa78 ./Core/Src/main.o
 .debug_macro   0x0000000000000ca6      0x295 ./Core/Src/main.o
 .debug_macro   0x0000000000000f3b       0x2e ./Core/Src/main.o
 .debug_macro   0x0000000000000f69       0x28 ./Core/Src/main.o
 .debug_macro   0x0000000000000f91       0x22 ./Core/Src/main.o
 .debug_macro   0x0000000000000fb3       0x8e ./Core/Src/main.o
 .debug_macro   0x0000000000001041       0x51 ./Core/Src/main.o
 .debug_macro   0x0000000000001092      0x103 ./Core/Src/main.o
 .debug_macro   0x0000000000001195       0x6a ./Core/Src/main.o
 .debug_macro   0x00000000000011ff      0x1df ./Core/Src/main.o
 .debug_macro   0x00000000000013de       0x1c ./Core/Src/main.o
 .debug_macro   0x00000000000013fa       0x22 ./Core/Src/main.o
 .debug_macro   0x000000000000141c       0xd9 ./Core/Src/main.o
 .debug_macro   0x00000000000014f5     0x102d ./Core/Src/main.o
 .debug_macro   0x0000000000002522      0x11f ./Core/Src/main.o
 .debug_macro   0x0000000000002641     0xb953 ./Core/Src/main.o
 .debug_macro   0x000000000000df94       0x6d ./Core/Src/main.o
 .debug_macro   0x000000000000e001     0x367e ./Core/Src/main.o
 .debug_macro   0x000000000001167f      0x174 ./Core/Src/main.o
 .debug_macro   0x00000000000117f3       0x5c ./Core/Src/main.o
 .debug_macro   0x000000000001184f      0x447 ./Core/Src/main.o
 .debug_macro   0x0000000000011c96      0x9fe ./Core/Src/main.o
 .debug_macro   0x0000000000012694      0x115 ./Core/Src/main.o
 .debug_macro   0x00000000000127a9      0x11b ./Core/Src/main.o
 .debug_macro   0x00000000000128c4       0xa5 ./Core/Src/main.o
 .debug_macro   0x0000000000012969      0x15f ./Core/Src/main.o
 .debug_macro   0x0000000000012ac8      0x287 ./Core/Src/main.o
 .debug_macro   0x0000000000012d4f       0x5f ./Core/Src/main.o
 .debug_macro   0x0000000000012dae      0x236 ./Core/Src/main.o
 .debug_macro   0x0000000000012fe4      0x132 ./Core/Src/main.o
 .debug_macro   0x0000000000013116      0x264 ./Core/Src/main.o
 .debug_macro   0x000000000001337a       0x2e ./Core/Src/main.o
 .debug_macro   0x00000000000133a8      0x1b5 ./Core/Src/main.o
 .debug_macro   0x000000000001355d       0x22 ./Core/Src/main.o
 .debug_macro   0x000000000001357f       0xd6 ./Core/Src/main.o
 .debug_macro   0x0000000000013655      0x11a ./Core/Src/main.o
 .debug_macro   0x000000000001376f       0x85 ./Core/Src/main.o
 .debug_macro   0x00000000000137f4       0x89 ./Core/Src/main.o
 .debug_macro   0x000000000001387d      0x126 ./Core/Src/main.o
 .debug_macro   0x00000000000139a3       0x10 ./Core/Src/main.o
 .debug_macro   0x00000000000139b3       0x52 ./Core/Src/main.o
 .debug_macro   0x0000000000013a05       0x1e ./Core/Src/main.o
 .debug_macro   0x0000000000013a23       0x3c ./Core/Src/main.o
 .debug_macro   0x0000000000013a5f       0x34 ./Core/Src/main.o
 .debug_macro   0x0000000000013a93       0x3a ./Core/Src/main.o
 .debug_macro   0x0000000000013acd       0x40 ./Core/Src/main.o
 .debug_macro   0x0000000000013b0d      0x339 ./Core/Src/ssd1306.o
 .debug_macro   0x0000000000013e46       0x4c ./Core/Src/ssd1306.o
 .debug_macro   0x0000000000013e92       0x94 ./Core/Src/ssd1306.o
 .debug_macro   0x0000000000013f26       0x57 ./Core/Src/ssd1306.o
 .debug_macro   0x0000000000013f7d     0x3749 ./Core/Src/ssd1306.o
 .debug_macro   0x00000000000176c6       0x16 ./Core/Src/ssd1306.o
 .debug_macro   0x00000000000176dc       0x43 ./Core/Src/ssd1306.o
 .debug_macro   0x000000000001771f       0x34 ./Core/Src/ssd1306.o
 .debug_macro   0x0000000000017753       0x10 ./Core/Src/ssd1306.o
 .debug_macro   0x0000000000017763       0x58 ./Core/Src/ssd1306.o
 .debug_macro   0x00000000000177bb       0x71 ./Core/Src/ssd1306.o
 .debug_macro   0x000000000001782c       0x1c ./Core/Src/ssd1306.o
 .debug_macro   0x0000000000017848      0x12a ./Core/Src/ssd1306.o
 .debug_macro   0x0000000000017972      0x341 ./Core/Src/ssd1306.o
 .debug_macro   0x0000000000017cb3      0x19b ./Core/Src/ssd1306.o
 .debug_macro   0x0000000000017e4e       0x16 ./Core/Src/ssd1306.o
 .debug_macro   0x0000000000017e64       0x35 ./Core/Src/ssd1306.o
 .debug_macro   0x0000000000017e99       0x16 ./Core/Src/ssd1306.o
 .debug_macro   0x0000000000017eaf       0x29 ./Core/Src/ssd1306.o
 .debug_macro   0x0000000000017ed8       0x16 ./Core/Src/ssd1306.o
 .debug_macro   0x0000000000017eee       0x20 ./Core/Src/ssd1306.o
 .debug_macro   0x0000000000017f0e       0x16 ./Core/Src/ssd1306.o
 .debug_macro   0x0000000000017f24       0x76 ./Core/Src/ssd1306_fonts.o
 .debug_macro   0x0000000000017f9a      0x1d8 ./Core/Src/stm32f4xx_hal_msp.o
 .debug_macro   0x0000000000018172      0x1e2 ./Core/Src/stm32f4xx_it.o
 .debug_macro   0x0000000000018354       0xff ./Core/Src/sysmem.o
 .debug_macro   0x0000000000018453      0x23b ./Core/Src/sysmem.o
 .debug_macro   0x000000000001868e      0x1c9 ./Core/Src/system_stm32f4xx.o
 .debug_macro   0x0000000000018857      0x229 ./Drivers/STM32F4xx_HAL_Driver/Src/stm32f4xx_hal.o
 .debug_macro   0x0000000000018a80      0x1c9 ./Drivers/STM32F4xx_HAL_Driver/Src/stm32f4xx_hal_cortex.o
 .debug_macro   0x0000000000018c49      0x1cf ./Drivers/STM32F4xx_HAL_Driver/Src/stm32f4xx_hal_gpio.o
 .debug_macro   0x0000000000018e18      0x210 ./Drivers/STM32F4xx_HAL_Driver/Src/stm32f4xx_hal_i2c.o
 .debug_macro   0x0000000000019028      0x1ed ./Drivers/STM32F4xx_HAL_Driver/Src/stm32f4xx_hal_rcc.o

.debug_line     0x0000000000000000     0x9e27
 .debug_line    0x0000000000000000      0x8d8 ./Core/Src/main.o
 .debug_line    0x00000000000008d8      0xfa1 ./Core/Src/ssd1306.o
 .debug_line    0x0000000000001879      0x3a9 ./Core/Src/ssd1306_fonts.o
 .debug_line    0x0000000000001c22      0x6f9 ./Core/Src/stm32f4xx_hal_msp.o
 .debug_line    0x000000000000231b      0x76e ./Core/Src/stm32f4xx_it.o
 .debug_line    0x0000000000002a89      0x4f4 ./Core/Src/sysmem.o
 .debug_line    0x0000000000002f7d      0x72d ./Core/Src/system_stm32f4xx.o
 .debug_line    0x00000000000036aa       0x88 ./Core/Startup/startup_stm32f411retx.o
 .debug_line    0x0000000000003732      0x993 ./Drivers/STM32F4xx_HAL_Driver/Src/stm32f4xx_hal.o
 .debug_line    0x00000000000040c5      0xc42 ./Drivers/STM32F4xx_HAL_Driver/Src/stm32f4xx_hal_cortex.o
 .debug_line    0x0000000000004d07      0xacb ./Drivers/STM32F4xx_HAL_Driver/Src/stm32f4xx_hal_gpio.o
 .debug_line    0x00000000000057d2     0x3948 ./Drivers/STM32F4xx_HAL_Driver/Src/stm32f4xx_hal_i2c.o
 .debug_line    0x000000000000911a      0xd0d ./Drivers/STM32F4xx_HAL_Driver/Src/stm32f4xx_hal_rcc.o

.debug_str      0x0000000000000000    0x8617a
 .debug_str     0x0000000000000000    0x80083 ./Core/Src/main.o
                                      0x8036c (size before relaxing)
 .debug_str     0x0000000000080083     0x3e54 ./Core/Src/ssd1306.o
                                      0x83e84 (size before relaxing)
 .debug_str     0x0000000000083ed7       0x5f ./Core/Src/ssd1306_fonts.o
                                       0x3d74 (size before relaxing)
 .debug_str     0x0000000000083f36       0x63 ./Core/Src/stm32f4xx_hal_msp.o
                                      0x7fbcb (size before relaxing)
 .debug_str     0x0000000000083f99       0xc9 ./Core/Src/stm32f4xx_it.o
                                      0x7f59c (size before relaxing)
 .debug_str     0x0000000000084062      0x4da ./Core/Src/sysmem.o
                                       0x5db2 (size before relaxing)
 .debug_str     0x000000000008453c       0xdb ./Core/Src/system_stm32f4xx.o
                                      0x7f6a3 (size before relaxing)
 .debug_str     0x0000000000084617       0x36 ./Core/Startup/startup_stm32f411retx.o
                                         0x74 (size before relaxing)
 .debug_str     0x000000000008464d      0x9b8 ./Drivers/STM32F4xx_HAL_Driver/Src/stm32f4xx_hal.o
                                      0x800cf (size before relaxing)
 .debug_str     0x0000000000085005      0x34a ./Drivers/STM32F4xx_HAL_Driver/Src/stm32f4xx_hal_cortex.o
                                      0x7fdf0 (size before relaxing)
 .debug_str     0x000000000008534f      0x121 ./Drivers/STM32F4xx_HAL_Driver/Src/stm32f4xx_hal_gpio.o
                                      0x7f81e (size before relaxing)
 .debug_str     0x0000000000085470      0xaf7 ./Drivers/STM32F4xx_HAL_Driver/Src/stm32f4xx_hal_i2c.o
                                      0x80661 (size before relaxing)
 .debug_str     0x0000000000085f67      0x213 ./Drivers/STM32F4xx_HAL_Driver/Src/stm32f4xx_hal_rcc.o
                                      0x7fad7 (size before relaxing)

.comment        0x0000000000000000       0x50
 .comment       0x0000000000000000       0x50 ./Core/Src/main.o
                                         0x51 (size before relaxing)
 .comment       0x0000000000000050       0x51 ./Core/Src/ssd1306.o
 .comment       0x0000000000000050       0x51 ./Core/Src/ssd1306_fonts.o
 .comment       0x0000000000000050       0x51 ./Core/Src/stm32f4xx_hal_msp.o
 .comment       0x0000000000000050       0x51 ./Core/Src/stm32f4xx_it.o
 .comment       0x0000000000000050       0x51 ./Core/Src/sysmem.o
 .comment       0x0000000000000050       0x51 ./Core/Src/system_stm32f4xx.o
 .comment       0x0000000000000050       0x51 ./Drivers/STM32F4xx_HAL_Driver/Src/stm32f4xx_hal.o
 .comment       0x0000000000000050       0x51 ./Drivers/STM32F4xx_HAL_Driver/Src/stm32f4xx_hal_cortex.o
 .comment       0x0000000000000050       0x51 ./Drivers/STM32F4xx_HAL_Driver/Src/stm32f4xx_hal_gpio.o
 .comment       0x0000000000000050       0x51 ./Drivers/STM32F4xx_HAL_Driver/Src/stm32f4xx_hal_i2c.o
 .comment       0x0000000000000050       0x51 ./Drivers/STM32F4xx_HAL_Driver/Src/stm32f4xx_hal_rcc.o

.debug_frame    0x0000000000000000     0x233c
 .debug_frame   0x0000000000000000       0xac ./Core/Src/main.o
 .debug_frame   0x00000000000000ac      0x418 ./Core/Src/ssd1306.o
 .debug_frame   0x00000000000004c4       0x80 ./Core/Src/stm32f4xx_hal_msp.o
 .debug_frame   0x0000000000000544      0x104 ./Core/Src/stm32f4xx_it.o
 .debug_frame   0x0000000000000648       0x34 ./Core/Src/sysmem.o
 .debug_frame   0x000000000000067c       0x58 ./Core/Src/system_stm32f4xx.o
 .debug_frame   0x00000000000006d4      0x374 ./Drivers/STM32F4xx_HAL_Driver/Src/stm32f4xx_hal.o
 .debug_frame   0x0000000000000a48      0x498 ./Drivers/STM32F4xx_HAL_Driver/Src/stm32f4xx_hal_cortex.o
 .debug_frame   0x0000000000000ee0      0x14c ./Drivers/STM32F4xx_HAL_Driver/Src/stm32f4xx_hal_gpio.o
 .debug_frame   0x000000000000102c      0xc5c ./Drivers/STM32F4xx_HAL_Driver/Src/stm32f4xx_hal_i2c.o
 .debug_frame   0x0000000000001c88      0x1f4 ./Drivers/STM32F4xx_HAL_Driver/Src/stm32f4xx_hal_rcc.o
 .debug_frame   0x0000000000001e7c       0x20 c:/st/stm32cubeide_1.11.0/stm32cubeide/plugins/com.st.stm32cube.ide.mcu.externaltools.gnu-tools-for-stm32.10.3-2021.10.win32_1.0.100.202210260954/tools/bin/../lib/gcc/arm-none-eabi/10.3.1/../../../../arm-none-eabi/lib/thumb/v7e-m+fp/hard\libc_nano.a(lib_a-errno.o)
 .debug_frame   0x0000000000001e9c       0x2c c:/st/stm32cubeide_1.11.0/stm32cubeide/plugins/com.st.stm32cube.ide.mcu.externaltools.gnu-tools-for-stm32.10.3-2021.10.win32_1.0.100.202210260954/tools/bin/../lib/gcc/arm-none-eabi/10.3.1/../../../../arm-none-eabi/lib/thumb/v7e-m+fp/hard\libc_nano.a(lib_a-init.o)
 .debug_frame   0x0000000000001ec8       0x28 c:/st/stm32cubeide_1.11.0/stm32cubeide/plugins/com.st.stm32cube.ide.mcu.externaltools.gnu-tools-for-stm32.10.3-2021.10.win32_1.0.100.202210260954/tools/bin/../lib/gcc/arm-none-eabi/10.3.1/../../../../arm-none-eabi/lib/thumb/v7e-m+fp/hard\libc_nano.a(lib_a-memcpy-stub.o)
 .debug_frame   0x0000000000001ef0       0x20 c:/st/stm32cubeide_1.11.0/stm32cubeide/plugins/com.st.stm32cube.ide.mcu.externaltools.gnu-tools-for-stm32.10.3-2021.10.win32_1.0.100.202210260954/tools/bin/../lib/gcc/arm-none-eabi/10.3.1/../../../../arm-none-eabi/lib/thumb/v7e-m+fp/hard\libc_nano.a(lib_a-memset.o)
 .debug_frame   0x0000000000001f10       0x6c c:/st/stm32cubeide_1.11.0/stm32cubeide/plugins/com.st.stm32cube.ide.mcu.externaltools.gnu-tools-for-stm32.10.3-2021.10.win32_1.0.100.202210260954/tools/bin/../lib/gcc/arm-none-eabi/10.3.1/../../../../arm-none-eabi/lib/thumb/v7e-m+fp/hard\libc_nano.a(lib_a-sprintf.o)
 .debug_frame   0x0000000000001f7c       0x90 c:/st/stm32cubeide_1.11.0/stm32cubeide/plugins/com.st.stm32cube.ide.mcu.externaltools.gnu-tools-for-stm32.10.3-2021.10.win32_1.0.100.202210260954/tools/bin/../lib/gcc/arm-none-eabi/10.3.1/../../../../arm-none-eabi/lib/thumb/v7e-m+fp/hard\libc_nano.a(lib_a-nano-svfprintf.o)
 .debug_frame   0x000000000000200c       0x60 c:/st/stm32cubeide_1.11.0/stm32cubeide/plugins/com.st.stm32cube.ide.mcu.externaltools.gnu-tools-for-stm32.10.3-2021.10.win32_1.0.100.202210260954/tools/bin/../lib/gcc/arm-none-eabi/10.3.1/../../../../arm-none-eabi/lib/thumb/v7e-m+fp/hard\libc_nano.a(lib_a-nano-vfprintf_i.o)
 .debug_frame   0x000000000000206c       0x28 c:/st/stm32cubeide_1.11.0/stm32cubeide/plugins/com.st.stm32cube.ide.mcu.externaltools.gnu-tools-for-stm32.10.3-2021.10.win32_1.0.100.202210260954/tools/bin/../lib/gcc/arm-none-eabi/10.3.1/../../../../arm-none-eabi/lib/thumb/v7e-m+fp/hard\libc_nano.a(lib_a-memmove.o)
 .debug_frame   0x0000000000002094       0x38 c:/st/stm32cubeide_1.11.0/stm32cubeide/plugins/com.st.stm32cube.ide.mcu.externaltools.gnu-tools-for-stm32.10.3-2021.10.win32_1.0.100.202210260954/tools/bin/../lib/gcc/arm-none-eabi/10.3.1/../../../../arm-none-eabi/lib/thumb/v7e-m+fp/hard\libc_nano.a(lib_a-nano-freer.o)
 .debug_frame   0x00000000000020cc       0x4c c:/st/stm32cubeide_1.11.0/stm32cubeide/plugins/com.st.stm32cube.ide.mcu.externaltools.gnu-tools-for-stm32.10.3-2021.10.win32_1.0.100.202210260954/tools/bin/../lib/gcc/arm-none-eabi/10.3.1/../../../../arm-none-eabi/lib/thumb/v7e-m+fp/hard\libc_nano.a(lib_a-nano-mallocr.o)
 .debug_frame   0x0000000000002118       0x3c c:/st/stm32cubeide_1.11.0/stm32cubeide/plugins/com.st.stm32cube.ide.mcu.externaltools.gnu-tools-for-stm32.10.3-2021.10.win32_1.0.100.202210260954/tools/bin/../lib/gcc/arm-none-eabi/10.3.1/../../../../arm-none-eabi/lib/thumb/v7e-m+fp/hard\libc_nano.a(lib_a-nano-reallocr.o)
 .debug_frame   0x0000000000002154       0x2c c:/st/stm32cubeide_1.11.0/stm32cubeide/plugins/com.st.stm32cube.ide.mcu.externaltools.gnu-tools-for-stm32.10.3-2021.10.win32_1.0.100.202210260954/tools/bin/../lib/gcc/arm-none-eabi/10.3.1/../../../../arm-none-eabi/lib/thumb/v7e-m+fp/hard\libc_nano.a(lib_a-sbrkr.o)
 .debug_frame   0x0000000000002180       0x30 c:/st/stm32cubeide_1.11.0/stm32cubeide/plugins/com.st.stm32cube.ide.mcu.externaltools.gnu-tools-for-stm32.10.3-2021.10.win32_1.0.100.202210260954/tools/bin/../lib/gcc/arm-none-eabi/10.3.1/../../../../arm-none-eabi/lib/thumb/v7e-m+fp/hard\libc_nano.a(lib_a-mlock.o)
 .debug_frame   0x00000000000021b0       0x20 c:/st/stm32cubeide_1.11.0/stm32cubeide/plugins/com.st.stm32cube.ide.mcu.externaltools.gnu-tools-for-stm32.10.3-2021.10.win32_1.0.100.202210260954/tools/bin/../lib/gcc/arm-none-eabi/10.3.1/../../../../arm-none-eabi/lib/thumb/v7e-m+fp/hard\libc_nano.a(lib_a-nano-msizer.o)
 .debug_frame   0x00000000000021d0       0x5c c:/st/stm32cubeide_1.11.0/stm32cubeide/plugins/com.st.stm32cube.ide.mcu.externaltools.gnu-tools-for-stm32.10.3-2021.10.win32_1.0.100.202210260954/tools/bin/../lib/gcc/arm-none-eabi/10.3.1/../../../../arm-none-eabi/lib/thumb/v7e-m+fp/hard\libc_nano.a(lib_a-reent.o)
 .debug_frame   0x000000000000222c       0xb0 c:/st/stm32cubeide_1.11.0/stm32cubeide/plugins/com.st.stm32cube.ide.mcu.externaltools.gnu-tools-for-stm32.10.3-2021.10.win32_1.0.100.202210260954/tools/bin/../lib/gcc/arm-none-eabi/10.3.1/../../../../arm-none-eabi/lib/thumb/v7e-m+fp/hard\libc_nano.a(lib_a-lock.o)
 .debug_frame   0x00000000000022dc       0x2c c:/st/stm32cubeide_1.11.0/stm32cubeide/plugins/com.st.stm32cube.ide.mcu.externaltools.gnu-tools-for-stm32.10.3-2021.10.win32_1.0.100.202210260954/tools/bin/../lib/gcc/arm-none-eabi/10.3.1/thumb/v7e-m+fp/hard\libgcc.a(_aeabi_uldivmod.o)
 .debug_frame   0x0000000000002308       0x34 c:/st/stm32cubeide_1.11.0/stm32cubeide/plugins/com.st.stm32cube.ide.mcu.externaltools.gnu-tools-for-stm32.10.3-2021.10.win32_1.0.100.202210260954/tools/bin/../lib/gcc/arm-none-eabi/10.3.1/thumb/v7e-m+fp/hard\libgcc.a(_udivmoddi4.o)
